usage: python.exe step13_experiment_model.py [-h]
                                             [--exp {all,full_suite,E1_frontier,E1_knee_refine,E1_lex_certify,E1_select,E2_robust,E2_safety}]
                                             [--n-turbines N_TURBINES]
                                             [--farm {Rodsand_II,Nysted,Anholt}]
                                             [--pair-radius PAIR_RADIUS]
                                             [--infarm-radius INFARM_RADIUS]
                                             [--soc-correction {none,geo2d}]
                                             [--soc-risk-allocation {fixed,optimized}]
                                             [--time-recourse {wait_only,wait_and_speed}]
                                             [--resume {on,off}]
                                             [--max-stops MAX_STOPS]
                                             [--algorithm-max-stops ALGORITHM_MAX_STOPS]
                                             [--window-min WINDOW_MIN]
                                             [--dtau-min DTAU_MIN]
                                             [--deck-delta-min DECK_DELTA_MIN]
                                             [--deck-mode {interval,slot}]
                                             [--t-swap-min T_SWAP_MIN]
                                             [--landing-clear-min LANDING_CLEAR_MIN]
                                             [--swap-stations SWAP_STATIONS]
                                             [--quick-inspection-capacity QUICK_INSPECTION_CAPACITY]
                                             [--battery-reuse-mode {exact_soc,legacy_count}]
                                             [--t-launch-min T_LAUNCH_MIN]
                                             [--uav {auto,L,M,M350,S}]
                                             [--e1-uavs E1_UAVS]
                                             [--fleet-ks FLEET_KS]
                                             [--e1-batteries E1_BATTERIES]
                                             [--e1-b-auto {on,off}]
                                             [--e1-b-cap E1_B_CAP]
                                             [--e1-sat-patience E1_SAT_PATIENCE]
                                             [--e1-frontier-time-limit-s E1_FRONTIER_TIME_LIMIT_S]
                                             [--e1-certify-time-limit-s E1_CERTIFY_TIME_LIMIT_S]
                                             [--formal-warmstart-seconds FORMAL_WARMSTART_SECONDS]
                                             [--formal-route-universe {auto,off,force}]
                                             [--formal-route-universe-max-turbines FORMAL_ROUTE_UNIVERSE_MAX_TURBINES]
                                             [--formal-route-universe-max-stops FORMAL_ROUTE_UNIVERSE_MAX_STOPS]
                                             [--formal-route-universe-time-limit-s FORMAL_ROUTE_UNIVERSE_TIME_LIMIT_S]
                                             [--stops-cap STOPS_CAP]
                                             [--e1-csv E1_CSV]
                                             [--knee-frac KNEE_FRAC]
                                             [--knee-order {BK,KB}]
                                             [--selection-metric {safe_per_inventory_kWh,per_battery,energy_per_safe,max_safe}]
                                             [--k K] [--batteries BATTERIES]
                                             [--hs-quantile HS_QUANTILE]
                                             [--e2-quantiles E2_QUANTILES]
                                             [--e2-criteria E2_CRITERIA]
                                             [--e2-discovery-time-limit-s E2_DISCOVERY_TIME_LIMIT_S]
                                             [--e2-certify-time-limit-s E2_CERTIFY_TIME_LIMIT_S]
                                             [--allow-incomplete-results]
                                             [--allow-final-test-rerun]
                                             [--replay-n REPLAY_N]
                                             [--study-mode {formal,mechanism}]
                                             [--validation-mode {synthetic_stress,real_validation,real_holdout}]
                                             [--xi-train-samples XI_TRAIN_SAMPLES]
                                             [--validation-samples VALIDATION_SAMPLES]
                                             [--final-test-samples FINAL_TEST_SAMPLES]
                                             [--holdout-purge-min HOLDOUT_PURGE_MIN]
                                             [--final-weather-mode {real,synthetic}]
                                             [--solver-mode {exact-branch-price-cut,research-baseline}]
                                             [--pricing-mode {exact-implicit-dfs,exact-discovery-shadow,exact-dual-guided-shadow,exact-layered-guided-shadow,exact-layered-batch-shadow,exact-layered-batch-primal-shadow,exact-layered-batch-primal-diagnostic-shadow,exact-layered-batch-primal-target9-diagnostic-shadow,exact-layered-batch-primal-target9-certificate-diagnostic-shadow,exact-layered-batch-primal-target9-battery-clique-diagnostic-shadow,exact-layered-batch-primal-battery-halfcap-formal,exact-layered-batch-primal-battery-halfcap-depth-fair-formal,exact-layered-batch-primal-battery-halfcap-depth-fair-neutral-formal,exact-layered-batch-primal-battery-halfcap-resource-exchange-formal,exact-layered-batch-primal-battery-halfcap-resource-primal-formal,exact-layered-batch-primal-battery-halfcap-resource-guided-formal,exact-layered-batch-primal-battery-halfcap-deck-guided-formal,exact-layered-batch-primal-battery-halfcap-adaptive-multistop-formal,exact-layered-batch-primal-battery-halfcap-resource-variant-formal,exact-layered-batch-primal-battery-halfcap-resource-variant-diagnostic-formal,exact-layered-batch-primal-battery-halfcap-resource-variant-archive-recovery-formal,r-bpc,exact-mip}]
                                             [--time-limit-s TIME_LIMIT_S]
                                             [--archive-diagnostic-time-limit-s ARCHIVE_DIAGNOSTIC_TIME_LIMIT_S]
                                             [--archive-shadow-diagnostic-time-limit-s ARCHIVE_SHADOW_DIAGNOSTIC_TIME_LIMIT_S]
                                             [--archive-clique-diagnostic-time-limit-s ARCHIVE_CLIQUE_DIAGNOSTIC_TIME_LIMIT_S]
                                             [--archive-primal-recovery {on,off}]
                                             [--archive-primal-recovery-time-limit-s ARCHIVE_PRIMAL_RECOVERY_TIME_LIMIT_S]
                                             [--fullspace-target-diagnostic-time-limit-s FULLSPACE_TARGET_DIAGNOSTIC_TIME_LIMIT_S]
                                             [--coverage-gap-target-abs COVERAGE_GAP_TARGET_ABS]
                                             [--energy-gap-target-rel ENERGY_GAP_TARGET_REL]
                                             [--energy-gap-target-abs-wh ENERGY_GAP_TARGET_ABS_WH]
                                             [--recovery-predictor {cv_noleak,true_track}]
                                             [--pool-h {pareto,first}]
                                             [--weather-drcc {on,off}]
                                             [--saa-samples SAA_SAMPLES]
                                             [--turbines-csv TURBINES_CSV]
                                             [--wind-csv WIND_CSV]
                                             [--wave-csv WAVE_CSV]
                                             [--xi-moments-csv XI_MOMENTS_CSV]
                                             [--weather-moments-csv WEATHER_MOMENTS_CSV]
                                             [--recovery-scenarios-csv RECOVERY_SCENARIOS_CSV]
                                             [--track-csv TRACK_CSV]
                                             [--track-mmsi TRACK_MMSI]
                                             [--track-start-min TRACK_START_MIN]
                                             [--allow-synth]
                                             [--weather-scale WEATHER_SCALE]
                                             [--weather-alignment {timestamp,representative_quantile}]
                                             [--insp-min INSP_MIN]
python.exe step13_experiment_model.py: error: unrecognized arguments: --tier M --K 1 --battery-packs 7 --layout rodsand_ii_8+2.json
